// Jest Snapshot v1, https://goo.gl/fbAQLP

exports[`EditReportScreen renders screen with data from API 1`] = `
<RNCSafeAreaProvider
  onInsetsChange={[Function]}
  style={
    Array [
      Object {
        "flex": 1,
      },
      undefined,
    ]
  }
>
  <View
    style={
      Array [
        Object {
          "flex": 1,
        },
        undefined,
      ]
    }
  >
    <RNSScreenStack
      style={
        Object {
          "flex": 1,
        }
      }
    >
      <RNSScreen
        collapsable={false}
        forwardedRef={[Function]}
        gestureResponseDistance={
          Object {
            "bottom": -1,
            "end": -1,
            "start": -1,
            "top": -1,
          }
        }
        nativeBackButtonDismissalEnabled={false}
        nativeID="animatedComponent"
        onAppear={[Function]}
        onDisappear={[Function]}
        onDismissed={[Function]}
        onHeaderBackButtonClicked={[Function]}
        onNativeDismissCancelled={[Function]}
        onTransitionProgress={[Function]}
        onWillDisappear={[Function]}
        replaceAnimation="push"
        stackPresentation="push"
        style={
          Object {
            "bottom": 0,
            "left": 0,
            "position": "absolute",
            "right": 0,
            "top": 0,
          }
        }
        swipeDirection="horizontal"
      >
        <RNSScreenStackHeaderConfig
          backButtonInCustomView={false}
          backgroundColor="rgb(255, 255, 255)"
          color="rgb(0, 122, 255)"
          direction="ltr"
          disableBackButtonMenu={false}
          hidden={false}
          hideBackButton={false}
          largeTitleHideShadow={false}
          title="EditReport"
          titleColor="rgb(28, 28, 30)"
          topInsetEnabled={false}
          translucent={false}
        />
        <View
          accessibilityElementsHidden={false}
          importantForAccessibility="auto"
          style={
            Object {
              "flex": 1,
              "flexDirection": "column-reverse",
            }
          }
        >
          <View
            style={
              Array [
                Object {
                  "flex": 1,
                },
                Object {
                  "backgroundColor": "rgb(242, 242, 242)",
                },
                undefined,
              ]
            }
          >
            <RCTScrollView
              contentContainerStyle={
                Array [
                  Object {},
                  Object {
                    "dataSet": Object {},
                  },
                  Object {},
                ]
              }
              dataSet={Object {}}
              style={Object {}}
            >
              <View>
                <View
                  dataSet={Object {}}
                  style={
                    Object {
                      "alignItems": "center",
                      "flex": 1,
                      "paddingBottom": 20,
                      "paddingTop": 20,
                    }
                  }
                >
                  <View
                    dataSet={Object {}}
                    style={
                      Object {
                        "alignItems": "center",
                        "flex": 1,
                        "width": "90%",
                      }
                    }
                  >
                    <View
                      dataSet={Object {}}
                      style={Object {}}
                    >
                      <Text
                        dataSet={Object {}}
                        style={
                          Object {
                            "backgroundColor": undefined,
                            "color": "#000000",
                            "fontFamily": undefined,
                            "fontSize": 24,
                            "fontStyle": "normal",
                            "fontWeight": "700",
                            "letterSpacing": 0,
                            "lineHeight": 30,
                            "textAlign": "center",
                            "textDecorationLine": undefined,
                          }
                        }
                      >
                        Rapport du 
                        
Wednesday 03 May 2023
                      </Text>
                      <View
                        dataSet={Object {}}
                        style={
                          Object {
                            "height": 24,
                          }
                        }
                      />
                      <View
                        dataSet={Object {}}
                        style={
                          Object {
                            "flexDirection": "row",
                            "flexWrap": "wrap",
                            "justifyContent": "space-around",
                            "width": "100%",
                          }
                        }
                      >
                        <View
                          accessibilityRole="button"
                          accessible={true}
                          collapsable={false}
                          colorScheme="primary"
                          dataSet={Object {}}
                          focusable={true}
                          onBlur={[Function]}
                          onClick={[Function]}
                          onFocus={[Function]}
                          onHoverIn={[Function]}
                          onHoverOut={[Function]}
                          onResponderGrant={[Function]}
                          onResponderMove={[Function]}
                          onResponderRelease={[Function]}
                          onResponderTerminate={[Function]}
                          onResponderTerminationRequest={[Function]}
                          onStartShouldSetResponder={[Function]}
                          style={
                            Object {
                              "alignItems": "center",
                              "backgroundColor": "#22d3ee",
                              "borderRadius": 10,
                              "flex": 1,
                              "flexDirection": "row",
                              "height": 100,
                              "justifyContent": "center",
                              "marginBottom": 16,
                              "maxWidth": 100,
                              "minWidth": 100,
                              "paddingBottom": 10,
                              "paddingLeft": 12,
                              "paddingRight": 12,
                              "paddingTop": 10,
                            }
                          }
                        >
                          <View
                            dataSet={Object {}}
                            style={
                              Object {
                                "alignItems": "center",
                                "flexDirection": "row",
                              }
                            }
                            test={true}
                          >
                            <View
                              dataSet={Object {}}
                              style={Object {}}
                            >
                              <Text
                                dataSet={Object {}}
                                style={
                                  Object {
                                    "backgroundColor": undefined,
                                    "color": "#FFFFFF",
                                    "fontFamily": undefined,
                                    "fontSize": 15,
                                    "fontStyle": "normal",
                                    "fontWeight": "700",
                                    "letterSpacing": 0,
                                    "lineHeight": 22.5,
                                    "textAlign": "center",
                                    "textDecorationLine": undefined,
                                  }
                                }
                              >
                                contraception
                              </Text>
                            </View>
                          </View>
                        </View>
                        <View
                          accessibilityRole="button"
                          accessible={true}
                          collapsable={false}
                          colorScheme="primary"
                          dataSet={Object {}}
                          focusable={true}
                          onBlur={[Function]}
                          onClick={[Function]}
                          onFocus={[Function]}
                          onHoverIn={[Function]}
                          onHoverOut={[Function]}
                          onResponderGrant={[Function]}
                          onResponderMove={[Function]}
                          onResponderRelease={[Function]}
                          onResponderTerminate={[Function]}
                          onResponderTerminationRequest={[Function]}
                          onStartShouldSetResponder={[Function]}
                          style={
                            Object {
                              "alignItems": "center",
                              "backgroundColor": "#22d3ee",
                              "borderRadius": 10,
                              "flex": 1,
                              "flexDirection": "row",
                              "height": 100,
                              "justifyContent": "center",
                              "marginBottom": 16,
                              "maxWidth": 100,
                              "minWidth": 100,
                              "paddingBottom": 10,
                              "paddingLeft": 12,
                              "paddingRight": 12,
                              "paddingTop": 10,
                            }
                          }
                        >
                          <View
                            dataSet={Object {}}
                            style={
                              Object {
                                "alignItems": "center",
                                "flexDirection": "row",
                              }
                            }
                            test={true}
                          >
                            <View
                              dataSet={Object {}}
                              style={Object {}}
                            >
                              <Text
                                dataSet={Object {}}
                                style={
                                  Object {
                                    "backgroundColor": undefined,
                                    "color": "#FFFFFF",
                                    "fontFamily": undefined,
                                    "fontSize": 15,
                                    "fontStyle": "normal",
                                    "fontWeight": "700",
                                    "letterSpacing": 0,
                                    "lineHeight": 22.5,
                                    "textAlign": "center",
                                    "textDecorationLine": undefined,
                                  }
                                }
                              >
                                dysmenorrhee
                              </Text>
                            </View>
                          </View>
                        </View>
                        <View
                          accessibilityRole="button"
                          accessible={true}
                          collapsable={false}
                          colorScheme="primary"
                          dataSet={Object {}}
                          focusable={true}
                          onBlur={[Function]}
                          onClick={[Function]}
                          onFocus={[Function]}
                          onHoverIn={[Function]}
                          onHoverOut={[Function]}
                          onResponderGrant={[Function]}
                          onResponderMove={[Function]}
                          onResponderRelease={[Function]}
                          onResponderTerminate={[Function]}
                          onResponderTerminationRequest={[Function]}
                          onStartShouldSetResponder={[Function]}
                          style={
                            Object {
                              "alignItems": "center",
                              "backgroundColor": "#22d3ee",
                              "borderRadius": 10,
                              "flex": 1,
                              "flexDirection": "row",
                              "height": 100,
                              "justifyContent": "center",
                              "marginBottom": 16,
                              "maxWidth": 100,
                              "minWidth": 100,
                              "paddingBottom": 10,
                              "paddingLeft": 12,
                              "paddingRight": 12,
                              "paddingTop": 10,
                            }
                          }
                        >
                          <View
                            dataSet={Object {}}
                            style={
                              Object {
                                "alignItems": "center",
                                "flexDirection": "row",
                              }
                            }
                            test={true}
                          >
                            <View
                              dataSet={Object {}}
                              style={Object {}}
                            >
                              <Text
                                dataSet={Object {}}
                                style={
                                  Object {
                                    "backgroundColor": undefined,
                                    "color": "#FFFFFF",
                                    "fontFamily": undefined,
                                    "fontSize": 15,
                                    "fontStyle": "normal",
                                    "fontWeight": "700",
                                    "letterSpacing": 0,
                                    "lineHeight": 22.5,
                                    "textAlign": "center",
                                    "textDecorationLine": undefined,
                                  }
                                }
                              >
                                douleur menstruelle
                              </Text>
                            </View>
                          </View>
                        </View>
                        <View
                          accessibilityRole="button"
                          accessible={true}
                          collapsable={false}
                          colorScheme="primary"
                          dataSet={Object {}}
                          focusable={true}
                          onBlur={[Function]}
                          onClick={[Function]}
                          onFocus={[Function]}
                          onHoverIn={[Function]}
                          onHoverOut={[Function]}
                          onResponderGrant={[Function]}
                          onResponderMove={[Function]}
                          onResponderRelease={[Function]}
                          onResponderTerminate={[Function]}
                          onResponderTerminationRequest={[Function]}
                          onStartShouldSetResponder={[Function]}
                          style={
                            Object {
                              "alignItems": "center",
                              "backgroundColor": "#22d3ee",
                              "borderRadius": 10,
                              "flex": 1,
                              "flexDirection": "row",
                              "height": 100,
                              "justifyContent": "center",
                              "marginBottom": 16,
                              "maxWidth": 100,
                              "minWidth": 100,
                              "paddingBottom": 10,
                              "paddingLeft": 12,
                              "paddingRight": 12,
                              "paddingTop": 10,
                            }
                          }
                        >
                          <View
                            dataSet={Object {}}
                            style={
                              Object {
                                "alignItems": "center",
                                "flexDirection": "row",
                              }
                            }
                            test={true}
                          >
                            <View
                              dataSet={Object {}}
                              style={Object {}}
                            >
                              <Text
                                dataSet={Object {}}
                                style={
                                  Object {
                                    "backgroundColor": undefined,
                                    "color": "#FFFFFF",
                                    "fontFamily": undefined,
                                    "fontSize": 15,
                                    "fontStyle": "normal",
                                    "fontWeight": "700",
                                    "letterSpacing": 0,
                                    "lineHeight": 22.5,
                                    "textAlign": "center",
                                    "textDecorationLine": undefined,
                                  }
                                }
                              >
                                douleur digestion
                              </Text>
                            </View>
                          </View>
                        </View>
                        <View
                          accessibilityRole="button"
                          accessible={true}
                          collapsable={false}
                          colorScheme="primary"
                          dataSet={Object {}}
                          focusable={true}
                          onBlur={[Function]}
                          onClick={[Function]}
                          onFocus={[Function]}
                          onHoverIn={[Function]}
                          onHoverOut={[Function]}
                          onResponderGrant={[Function]}
                          onResponderMove={[Function]}
                          onResponderRelease={[Function]}
                          onResponderTerminate={[Function]}
                          onResponderTerminationRequest={[Function]}
                          onStartShouldSetResponder={[Function]}
                          style={
                            Object {
                              "alignItems": "center",
                              "backgroundColor": "#22d3ee",
                              "borderRadius": 10,
                              "flex": 1,
                              "flexDirection": "row",
                              "height": 100,
                              "justifyContent": "center",
                              "marginBottom": 16,
                              "maxWidth": 100,
                              "minWidth": 100,
                              "paddingBottom": 10,
                              "paddingLeft": 12,
                              "paddingRight": 12,
                              "paddingTop": 10,
                            }
                          }
                        >
                          <View
                            dataSet={Object {}}
                            style={
                              Object {
                                "alignItems": "center",
                                "flexDirection": "row",
                              }
                            }
                            test={true}
                          >
                            <View
                              dataSet={Object {}}
                              style={Object {}}
                            >
                              <Text
                                dataSet={Object {}}
                                style={
                                  Object {
                                    "backgroundColor": undefined,
                                    "color": "#FFFFFF",
                                    "fontFamily": undefined,
                                    "fontSize": 15,
                                    "fontStyle": "normal",
                                    "fontWeight": "700",
                                    "letterSpacing": 0,
                                    "lineHeight": 22.5,
                                    "textAlign": "center",
                                    "textDecorationLine": undefined,
                                  }
                                }
                              >
                                douleur defecation
                              </Text>
                            </View>
                          </View>
                        </View>
                        <View
                          accessibilityRole="button"
                          accessible={true}
                          collapsable={false}
                          colorScheme="primary"
                          dataSet={Object {}}
                          focusable={true}
                          onBlur={[Function]}
                          onClick={[Function]}
                          onFocus={[Function]}
                          onHoverIn={[Function]}
                          onHoverOut={[Function]}
                          onResponderGrant={[Function]}
                          onResponderMove={[Function]}
                          onResponderRelease={[Function]}
                          onResponderTerminate={[Function]}
                          onResponderTerminationRequest={[Function]}
                          onStartShouldSetResponder={[Function]}
                          style={
                            Object {
                              "alignItems": "center",
                              "backgroundColor": "#22d3ee",
                              "borderRadius": 10,
                              "flex": 1,
                              "flexDirection": "row",
                              "height": 100,
                              "justifyContent": "center",
                              "marginBottom": 16,
                              "maxWidth": 100,
                              "minWidth": 100,
                              "paddingBottom": 10,
                              "paddingLeft": 12,
                              "paddingRight": 12,
                              "paddingTop": 10,
                            }
                          }
                        >
                          <View
                            dataSet={Object {}}
                            style={
                              Object {
                                "alignItems": "center",
                                "flexDirection": "row",
                              }
                            }
                            test={true}
                          >
                            <View
                              dataSet={Object {}}
                              style={Object {}}
                            >
                              <Text
                                dataSet={Object {}}
                                style={
                                  Object {
                                    "backgroundColor": undefined,
                                    "color": "#FFFFFF",
                                    "fontFamily": undefined,
                                    "fontSize": 15,
                                    "fontStyle": "normal",
                                    "fontWeight": "700",
                                    "letterSpacing": 0,
                                    "lineHeight": 22.5,
                                    "textAlign": "center",
                                    "textDecorationLine": undefined,
                                  }
                                }
                              >
                                douleur urinaire
                              </Text>
                            </View>
                          </View>
                        </View>
                        <View
                          accessibilityRole="button"
                          accessible={true}
                          collapsable={false}
                          colorScheme="primary"
                          dataSet={Object {}}
                          focusable={true}
                          onBlur={[Function]}
                          onClick={[Function]}
                          onFocus={[Function]}
                          onHoverIn={[Function]}
                          onHoverOut={[Function]}
                          onResponderGrant={[Function]}
                          onResponderMove={[Function]}
                          onResponderRelease={[Function]}
                          onResponderTerminate={[Function]}
                          onResponderTerminationRequest={[Function]}
                          onStartShouldSetResponder={[Function]}
                          style={
                            Object {
                              "alignItems": "center",
                              "backgroundColor": "#22d3ee",
                              "borderRadius": 10,
                              "flex": 1,
                              "flexDirection": "row",
                              "height": 100,
                              "justifyContent": "center",
                              "marginBottom": 16,
                              "maxWidth": 100,
                              "minWidth": 100,
                              "paddingBottom": 10,
                              "paddingLeft": 12,
                              "paddingRight": 12,
                              "paddingTop": 10,
                            }
                          }
                        >
                          <View
                            dataSet={Object {}}
                            style={
                              Object {
                                "alignItems": "center",
                                "flexDirection": "row",
                              }
                            }
                            test={true}
                          >
                            <View
                              dataSet={Object {}}
                              style={Object {}}
                            >
                              <Text
                                dataSet={Object {}}
                                style={
                                  Object {
                                    "backgroundColor": undefined,
                                    "color": "#FFFFFF",
                                    "fontFamily": undefined,
                                    "fontSize": 15,
                                    "fontStyle": "normal",
                                    "fontWeight": "700",
                                    "letterSpacing": 0,
                                    "lineHeight": 22.5,
                                    "textAlign": "center",
                                    "textDecorationLine": undefined,
                                  }
                                }
                              >
                                fatigue
                              </Text>
                            </View>
                          </View>
                        </View>
                        <View
                          accessibilityRole="button"
                          accessible={true}
                          collapsable={false}
                          colorScheme="primary"
                          dataSet={Object {}}
                          focusable={true}
                          onBlur={[Function]}
                          onClick={[Function]}
                          onFocus={[Function]}
                          onHoverIn={[Function]}
                          onHoverOut={[Function]}
                          onResponderGrant={[Function]}
                          onResponderMove={[Function]}
                          onResponderRelease={[Function]}
                          onResponderTerminate={[Function]}
                          onResponderTerminationRequest={[Function]}
                          onStartShouldSetResponder={[Function]}
                          style={
                            Object {
                              "alignItems": "center",
                              "backgroundColor": "#22d3ee",
                              "borderRadius": 10,
                              "flex": 1,
                              "flexDirection": "row",
                              "height": 100,
                              "justifyContent": "center",
                              "marginBottom": 16,
                              "maxWidth": 100,
                              "minWidth": 100,
                              "paddingBottom": 10,
                              "paddingLeft": 12,
                              "paddingRight": 12,
                              "paddingTop": 10,
                            }
                          }
                        >
                          <View
                            dataSet={Object {}}
                            style={
                              Object {
                                "alignItems": "center",
                                "flexDirection": "row",
                              }
                            }
                            test={true}
                          >
                            <View
                              dataSet={Object {}}
                              style={Object {}}
                            >
                              <Text
                                dataSet={Object {}}
                                style={
                                  Object {
                                    "backgroundColor": undefined,
                                    "color": "#FFFFFF",
                                    "fontFamily": undefined,
                                    "fontSize": 15,
                                    "fontStyle": "normal",
                                    "fontWeight": "700",
                                    "letterSpacing": 0,
                                    "lineHeight": 22.5,
                                    "textAlign": "center",
                                    "textDecorationLine": undefined,
                                  }
                                }
                              >
                                dyspareunie
                              </Text>
                            </View>
                          </View>
                        </View>
                        <View
                          accessibilityRole="button"
                          accessible={true}
                          collapsable={false}
                          colorScheme="primary"
                          dataSet={Object {}}
                          focusable={true}
                          onBlur={[Function]}
                          onClick={[Function]}
                          onFocus={[Function]}
                          onHoverIn={[Function]}
                          onHoverOut={[Function]}
                          onResponderGrant={[Function]}
                          onResponderMove={[Function]}
                          onResponderRelease={[Function]}
                          onResponderTerminate={[Function]}
                          onResponderTerminationRequest={[Function]}
                          onStartShouldSetResponder={[Function]}
                          style={
                            Object {
                              "alignItems": "center",
                              "backgroundColor": "#22d3ee",
                              "borderRadius": 10,
                              "flex": 1,
                              "flexDirection": "row",
                              "height": 100,
                              "justifyContent": "center",
                              "marginBottom": 16,
                              "maxWidth": 100,
                              "minWidth": 100,
                              "paddingBottom": 10,
                              "paddingLeft": 12,
                              "paddingRight": 12,
                              "paddingTop": 10,
                            }
                          }
                        >
                          <View
                            dataSet={Object {}}
                            style={
                              Object {
                                "alignItems": "center",
                                "flexDirection": "row",
                              }
                            }
                            test={true}
                          >
                            <View
                              dataSet={Object {}}
                              style={Object {}}
                            >
                              <Text
                                dataSet={Object {}}
                                style={
                                  Object {
                                    "backgroundColor": undefined,
                                    "color": "#FFFFFF",
                                    "fontFamily": undefined,
                                    "fontSize": 15,
                                    "fontStyle": "normal",
                                    "fontWeight": "700",
                                    "letterSpacing": 0,
                                    "lineHeight": 22.5,
                                    "textAlign": "center",
                                    "textDecorationLine": undefined,
                                  }
                                }
                              >
                                douleurs pelviennes
                              </Text>
                            </View>
                          </View>
                        </View>
                        <View
                          accessibilityRole="button"
                          accessible={true}
                          collapsable={false}
                          colorScheme="primary"
                          dataSet={Object {}}
                          focusable={true}
                          onBlur={[Function]}
                          onClick={[Function]}
                          onFocus={[Function]}
                          onHoverIn={[Function]}
                          onHoverOut={[Function]}
                          onResponderGrant={[Function]}
                          onResponderMove={[Function]}
                          onResponderRelease={[Function]}
                          onResponderTerminate={[Function]}
                          onResponderTerminationRequest={[Function]}
                          onStartShouldSetResponder={[Function]}
                          style={
                            Object {
                              "alignItems": "center",
                              "backgroundColor": "#22d3ee",
                              "borderRadius": 10,
                              "flex": 1,
                              "flexDirection": "row",
                              "height": 100,
                              "justifyContent": "center",
                              "marginBottom": 16,
                              "maxWidth": 100,
                              "minWidth": 100,
                              "paddingBottom": 10,
                              "paddingLeft": 12,
                              "paddingRight": 12,
                              "paddingTop": 10,
                            }
                          }
                        >
                          <View
                            dataSet={Object {}}
                            style={
                              Object {
                                "alignItems": "center",
                                "flexDirection": "row",
                              }
                            }
                            test={true}
                          >
                            <View
                              dataSet={Object {}}
                              style={Object {}}
                            >
                              <Text
                                dataSet={Object {}}
                                style={
                                  Object {
                                    "backgroundColor": undefined,
                                    "color": "#FFFFFF",
                                    "fontFamily": undefined,
                                    "fontSize": 15,
                                    "fontStyle": "normal",
                                    "fontWeight": "700",
                                    "letterSpacing": 0,
                                    "lineHeight": 22.5,
                                    "textAlign": "center",
                                    "textDecorationLine": undefined,
                                  }
                                }
                              >
                                douleurs abdominales
                              </Text>
                            </View>
                          </View>
                        </View>
                        <View
                          accessibilityRole="button"
                          accessible={true}
                          collapsable={false}
                          colorScheme="primary"
                          dataSet={Object {}}
                          focusable={true}
                          onBlur={[Function]}
                          onClick={[Function]}
                          onFocus={[Function]}
                          onHoverIn={[Function]}
                          onHoverOut={[Function]}
                          onResponderGrant={[Function]}
                          onResponderMove={[Function]}
                          onResponderRelease={[Function]}
                          onResponderTerminate={[Function]}
                          onResponderTerminationRequest={[Function]}
                          onStartShouldSetResponder={[Function]}
                          style={
                            Object {
                              "alignItems": "center",
                              "backgroundColor": "#22d3ee",
                              "borderRadius": 10,
                              "flex": 1,
                              "flexDirection": "row",
                              "height": 100,
                              "justifyContent": "center",
                              "marginBottom": 16,
                              "maxWidth": 100,
                              "minWidth": 100,
                              "paddingBottom": 10,
                              "paddingLeft": 12,
                              "paddingRight": 12,
                              "paddingTop": 10,
                            }
                          }
                        >
                          <View
                            dataSet={Object {}}
                            style={
                              Object {
                                "alignItems": "center",
                                "flexDirection": "row",
                              }
                            }
                            test={true}
                          >
                            <View
                              dataSet={Object {}}
                              style={Object {}}
                            >
                              <Text
                                dataSet={Object {}}
                                style={
                                  Object {
                                    "backgroundColor": undefined,
                                    "color": "#FFFFFF",
                                    "fontFamily": undefined,
                                    "fontSize": 15,
                                    "fontStyle": "normal",
                                    "fontWeight": "700",
                                    "letterSpacing": 0,
                                    "lineHeight": 22.5,
                                    "textAlign": "center",
                                    "textDecorationLine": undefined,
                                  }
                                }
                              >
                                sang selles
                              </Text>
                            </View>
                          </View>
                        </View>
                        <View
                          accessibilityRole="button"
                          accessible={true}
                          collapsable={false}
                          colorScheme="primary"
                          dataSet={Object {}}
                          focusable={true}
                          onBlur={[Function]}
                          onClick={[Function]}
                          onFocus={[Function]}
                          onHoverIn={[Function]}
                          onHoverOut={[Function]}
                          onResponderGrant={[Function]}
                          onResponderMove={[Function]}
                          onResponderRelease={[Function]}
                          onResponderTerminate={[Function]}
                          onResponderTerminationRequest={[Function]}
                          onStartShouldSetResponder={[Function]}
                          style={
                            Object {
                              "alignItems": "center",
                              "backgroundColor": "#22d3ee",
                              "borderRadius": 10,
                              "flex": 1,
                              "flexDirection": "row",
                              "height": 100,
                              "justifyContent": "center",
                              "marginBottom": 16,
                              "maxWidth": 100,
                              "minWidth": 100,
                              "paddingBottom": 10,
                              "paddingLeft": 12,
                              "paddingRight": 12,
                              "paddingTop": 10,
                            }
                          }
                        >
                          <View
                            dataSet={Object {}}
                            style={
                              Object {
                                "alignItems": "center",
                                "flexDirection": "row",
                              }
                            }
                            test={true}
                          >
                            <View
                              dataSet={Object {}}
                              style={Object {}}
                            >
                              <Text
                                dataSet={Object {}}
                                style={
                                  Object {
                                    "backgroundColor": undefined,
                                    "color": "#FFFFFF",
                                    "fontFamily": undefined,
                                    "fontSize": 15,
                                    "fontStyle": "normal",
                                    "fontWeight": "700",
                                    "letterSpacing": 0,
                                    "lineHeight": 22.5,
                                    "textAlign": "center",
                                    "textDecorationLine": undefined,
                                  }
                                }
                              >
                                diarrhee
                              </Text>
                            </View>
                          </View>
                        </View>
                        <View
                          accessibilityRole="button"
                          accessible={true}
                          collapsable={false}
                          colorScheme="primary"
                          dataSet={Object {}}
                          focusable={true}
                          onBlur={[Function]}
                          onClick={[Function]}
                          onFocus={[Function]}
                          onHoverIn={[Function]}
                          onHoverOut={[Function]}
                          onResponderGrant={[Function]}
                          onResponderMove={[Function]}
                          onResponderRelease={[Function]}
                          onResponderTerminate={[Function]}
                          onResponderTerminationRequest={[Function]}
                          onStartShouldSetResponder={[Function]}
                          style={
                            Object {
                              "alignItems": "center",
                              "backgroundColor": "#22d3ee",
                              "borderRadius": 10,
                              "flex": 1,
                              "flexDirection": "row",
                              "height": 100,
                              "justifyContent": "center",
                              "marginBottom": 16,
                              "maxWidth": 100,
                              "minWidth": 100,
                              "paddingBottom": 10,
                              "paddingLeft": 12,
                              "paddingRight": 12,
                              "paddingTop": 10,
                            }
                          }
                        >
                          <View
                            dataSet={Object {}}
                            style={
                              Object {
                                "alignItems": "center",
                                "flexDirection": "row",
                              }
                            }
                            test={true}
                          >
                            <View
                              dataSet={Object {}}
                              style={Object {}}
                            >
                              <Text
                                dataSet={Object {}}
                                style={
                                  Object {
                                    "backgroundColor": undefined,
                                    "color": "#FFFFFF",
                                    "fontFamily": undefined,
                                    "fontSize": 15,
                                    "fontStyle": "normal",
                                    "fontWeight": "700",
                                    "letterSpacing": 0,
                                    "lineHeight": 22.5,
                                    "textAlign": "center",
                                    "textDecorationLine": undefined,
                                  }
                                }
                              >
                                constipation
                              </Text>
                            </View>
                          </View>
                        </View>
                        <View
                          accessibilityRole="button"
                          accessible={true}
                          collapsable={false}
                          colorScheme="primary"
                          dataSet={Object {}}
                          focusable={true}
                          onBlur={[Function]}
                          onClick={[Function]}
                          onFocus={[Function]}
                          onHoverIn={[Function]}
                          onHoverOut={[Function]}
                          onResponderGrant={[Function]}
                          onResponderMove={[Function]}
                          onResponderRelease={[Function]}
                          onResponderTerminate={[Function]}
                          onResponderTerminationRequest={[Function]}
                          onStartShouldSetResponder={[Function]}
                          style={
                            Object {
                              "alignItems": "center",
                              "backgroundColor": "#22d3ee",
                              "borderRadius": 10,
                              "flex": 1,
                              "flexDirection": "row",
                              "height": 100,
                              "justifyContent": "center",
                              "marginBottom": 16,
                              "maxWidth": 100,
                              "minWidth": 100,
                              "paddingBottom": 10,
                              "paddingLeft": 12,
                              "paddingRight": 12,
                              "paddingTop": 10,
                            }
                          }
                        >
                          <View
                            dataSet={Object {}}
                            style={
                              Object {
                                "alignItems": "center",
                                "flexDirection": "row",
                              }
                            }
                            test={true}
                          >
                            <View
                              dataSet={Object {}}
                              style={Object {}}
                            >
                              <Text
                                dataSet={Object {}}
                                style={
                                  Object {
                                    "backgroundColor": undefined,
                                    "color": "#FFFFFF",
                                    "fontFamily": undefined,
                                    "fontSize": 15,
                                    "fontStyle": "normal",
                                    "fontWeight": "700",
                                    "letterSpacing": 0,
                                    "lineHeight": 22.5,
                                    "textAlign": "center",
                                    "textDecorationLine": undefined,
                                  }
                                }
                              >
                                brulure urinaire
                              </Text>
                            </View>
                          </View>
                        </View>
                        <View
                          accessibilityRole="button"
                          accessible={true}
                          collapsable={false}
                          colorScheme="primary"
                          dataSet={Object {}}
                          focusable={true}
                          onBlur={[Function]}
                          onClick={[Function]}
                          onFocus={[Function]}
                          onHoverIn={[Function]}
                          onHoverOut={[Function]}
                          onResponderGrant={[Function]}
                          onResponderMove={[Function]}
                          onResponderRelease={[Function]}
                          onResponderTerminate={[Function]}
                          onResponderTerminationRequest={[Function]}
                          onStartShouldSetResponder={[Function]}
                          style={
                            Object {
                              "alignItems": "center",
                              "backgroundColor": "#22d3ee",
                              "borderRadius": 10,
                              "flex": 1,
                              "flexDirection": "row",
                              "height": 100,
                              "justifyContent": "center",
                              "marginBottom": 16,
                              "maxWidth": 100,
                              "minWidth": 100,
                              "paddingBottom": 10,
                              "paddingLeft": 12,
                              "paddingRight": 12,
                              "paddingTop": 10,
                            }
                          }
                        >
                          <View
                            dataSet={Object {}}
                            style={
                              Object {
                                "alignItems": "center",
                                "flexDirection": "row",
                              }
                            }
                            test={true}
                          >
                            <View
                              dataSet={Object {}}
                              style={Object {}}
                            >
                              <Text
                                dataSet={Object {}}
                                style={
                                  Object {
                                    "backgroundColor": undefined,
                                    "color": "#FFFFFF",
                                    "fontFamily": undefined,
                                    "fontSize": 15,
                                    "fontStyle": "normal",
                                    "fontWeight": "700",
                                    "letterSpacing": 0,
                                    "lineHeight": 22.5,
                                    "textAlign": "center",
                                    "textDecorationLine": undefined,
                                  }
                                }
                              >
                                sang urine
                              </Text>
                            </View>
                          </View>
                        </View>
                        <View
                          accessibilityRole="button"
                          accessible={true}
                          collapsable={false}
                          colorScheme="primary"
                          dataSet={Object {}}
                          focusable={true}
                          onBlur={[Function]}
                          onClick={[Function]}
                          onFocus={[Function]}
                          onHoverIn={[Function]}
                          onHoverOut={[Function]}
                          onResponderGrant={[Function]}
                          onResponderMove={[Function]}
                          onResponderRelease={[Function]}
                          onResponderTerminate={[Function]}
                          onResponderTerminationRequest={[Function]}
                          onStartShouldSetResponder={[Function]}
                          style={
                            Object {
                              "alignItems": "center",
                              "backgroundColor": "#22d3ee",
                              "borderRadius": 10,
                              "flex": 1,
                              "flexDirection": "row",
                              "height": 100,
                              "justifyContent": "center",
                              "marginBottom": 16,
                              "maxWidth": 100,
                              "minWidth": 100,
                              "paddingBottom": 10,
                              "paddingLeft": 12,
                              "paddingRight": 12,
                              "paddingTop": 10,
                            }
                          }
                        >
                          <View
                            dataSet={Object {}}
                            style={
                              Object {
                                "alignItems": "center",
                                "flexDirection": "row",
                              }
                            }
                            test={true}
                          >
                            <View
                              dataSet={Object {}}
                              style={Object {}}
                            >
                              <Text
                                dataSet={Object {}}
                                style={
                                  Object {
                                    "backgroundColor": undefined,
                                    "color": "#FFFFFF",
                                    "fontFamily": undefined,
                                    "fontSize": 15,
                                    "fontStyle": "normal",
                                    "fontWeight": "700",
                                    "letterSpacing": 0,
                                    "lineHeight": 22.5,
                                    "textAlign": "center",
                                    "textDecorationLine": undefined,
                                  }
                                }
                              >
                                dysurie
                              </Text>
                            </View>
                          </View>
                        </View>
                        <View
                          accessibilityRole="button"
                          accessible={true}
                          collapsable={false}
                          colorScheme="primary"
                          dataSet={Object {}}
                          focusable={true}
                          onBlur={[Function]}
                          onClick={[Function]}
                          onFocus={[Function]}
                          onHoverIn={[Function]}
                          onHoverOut={[Function]}
                          onResponderGrant={[Function]}
                          onResponderMove={[Function]}
                          onResponderRelease={[Function]}
                          onResponderTerminate={[Function]}
                          onResponderTerminationRequest={[Function]}
                          onStartShouldSetResponder={[Function]}
                          style={
                            Object {
                              "alignItems": "center",
                              "backgroundColor": "#22d3ee",
                              "borderRadius": 10,
                              "flex": 1,
                              "flexDirection": "row",
                              "height": 100,
                              "justifyContent": "center",
                              "marginBottom": 16,
                              "maxWidth": 100,
                              "minWidth": 100,
                              "paddingBottom": 10,
                              "paddingLeft": 12,
                              "paddingRight": 12,
                              "paddingTop": 10,
                            }
                          }
                        >
                          <View
                            dataSet={Object {}}
                            style={
                              Object {
                                "alignItems": "center",
                                "flexDirection": "row",
                              }
                            }
                            test={true}
                          >
                            <View
                              dataSet={Object {}}
                              style={Object {}}
                            >
                              <Text
                                dataSet={Object {}}
                                style={
                                  Object {
                                    "backgroundColor": undefined,
                                    "color": "#FFFFFF",
                                    "fontFamily": undefined,
                                    "fontSize": 15,
                                    "fontStyle": "normal",
                                    "fontWeight": "700",
                                    "letterSpacing": 0,
                                    "lineHeight": 22.5,
                                    "textAlign": "center",
                                    "textDecorationLine": undefined,
                                  }
                                }
                              >
                                pollakiurie
                              </Text>
                            </View>
                          </View>
                        </View>
                        <View
                          accessibilityRole="button"
                          accessible={true}
                          collapsable={false}
                          colorScheme="primary"
                          dataSet={Object {}}
                          focusable={true}
                          onBlur={[Function]}
                          onClick={[Function]}
                          onFocus={[Function]}
                          onHoverIn={[Function]}
                          onHoverOut={[Function]}
                          onResponderGrant={[Function]}
                          onResponderMove={[Function]}
                          onResponderRelease={[Function]}
                          onResponderTerminate={[Function]}
                          onResponderTerminationRequest={[Function]}
                          onStartShouldSetResponder={[Function]}
                          style={
                            Object {
                              "alignItems": "center",
                              "backgroundColor": "#22d3ee",
                              "borderRadius": 10,
                              "flex": 1,
                              "flexDirection": "row",
                              "height": 100,
                              "justifyContent": "center",
                              "marginBottom": 16,
                              "maxWidth": 100,
                              "minWidth": 100,
                              "paddingBottom": 10,
                              "paddingLeft": 12,
                              "paddingRight": 12,
                              "paddingTop": 10,
                            }
                          }
                        >
                          <View
                            dataSet={Object {}}
                            style={
                              Object {
                                "alignItems": "center",
                                "flexDirection": "row",
                              }
                            }
                            test={true}
                          >
                            <View
                              dataSet={Object {}}
                              style={Object {}}
                            >
                              <Text
                                dataSet={Object {}}
                                style={
                                  Object {
                                    "backgroundColor": undefined,
                                    "color": "#FFFFFF",
                                    "fontFamily": undefined,
                                    "fontSize": 15,
                                    "fontStyle": "normal",
                                    "fontWeight": "700",
                                    "letterSpacing": 0,
                                    "lineHeight": 22.5,
                                    "textAlign": "center",
                                    "textDecorationLine": undefined,
                                  }
                                }
                              >
                                localisation douleur
                              </Text>
                            </View>
                          </View>
                        </View>
                        <View
                          accessibilityRole="button"
                          accessible={true}
                          collapsable={false}
                          colorScheme="primary"
                          dataSet={Object {}}
                          focusable={true}
                          onBlur={[Function]}
                          onClick={[Function]}
                          onFocus={[Function]}
                          onHoverIn={[Function]}
                          onHoverOut={[Function]}
                          onResponderGrant={[Function]}
                          onResponderMove={[Function]}
                          onResponderRelease={[Function]}
                          onResponderTerminate={[Function]}
                          onResponderTerminationRequest={[Function]}
                          onStartShouldSetResponder={[Function]}
                          style={
                            Object {
                              "alignItems": "center",
                              "backgroundColor": "#22d3ee",
                              "borderRadius": 10,
                              "flex": 1,
                              "flexDirection": "row",
                              "height": 100,
                              "justifyContent": "center",
                              "marginBottom": 16,
                              "maxWidth": 100,
                              "minWidth": 100,
                              "paddingBottom": 10,
                              "paddingLeft": 12,
                              "paddingRight": 12,
                              "paddingTop": 10,
                            }
                          }
                        >
                          <View
                            dataSet={Object {}}
                            style={
                              Object {
                                "alignItems": "center",
                                "flexDirection": "row",
                              }
                            }
                            test={true}
                          >
                            <View
                              dataSet={Object {}}
                              style={Object {}}
                            >
                              <Text
                                dataSet={Object {}}
                                style={
                                  Object {
                                    "backgroundColor": undefined,
                                    "color": "#FFFFFF",
                                    "fontFamily": undefined,
                                    "fontSize": 15,
                                    "fontStyle": "normal",
                                    "fontWeight": "700",
                                    "letterSpacing": 0,
                                    "lineHeight": 22.5,
                                    "textAlign": "center",
                                    "textDecorationLine": undefined,
                                  }
                                }
                              >
                                douleur
                              </Text>
                            </View>
                          </View>
                        </View>
                        <View
                          accessibilityRole="button"
                          accessible={true}
                          collapsable={false}
                          colorScheme="primary"
                          dataSet={Object {}}
                          focusable={true}
                          onBlur={[Function]}
                          onClick={[Function]}
                          onFocus={[Function]}
                          onHoverIn={[Function]}
                          onHoverOut={[Function]}
                          onResponderGrant={[Function]}
                          onResponderMove={[Function]}
                          onResponderRelease={[Function]}
                          onResponderTerminate={[Function]}
                          onResponderTerminationRequest={[Function]}
                          onStartShouldSetResponder={[Function]}
                          style={
                            Object {
                              "alignItems": "center",
                              "backgroundColor": "#22d3ee",
                              "borderRadius": 10,
                              "flex": 1,
                              "flexDirection": "row",
                              "height": 100,
                              "justifyContent": "center",
                              "marginBottom": 16,
                              "maxWidth": 100,
                              "minWidth": 100,
                              "paddingBottom": 10,
                              "paddingLeft": 12,
                              "paddingRight": 12,
                              "paddingTop": 10,
                            }
                          }
                        >
                          <View
                            dataSet={Object {}}
                            style={
                              Object {
                                "alignItems": "center",
                                "flexDirection": "row",
                              }
                            }
                            test={true}
                          >
                            <View
                              dataSet={Object {}}
                              style={Object {}}
                            >
                              <Text
                                dataSet={Object {}}
                                style={
                                  Object {
                                    "backgroundColor": undefined,
                                    "color": "#FFFFFF",
                                    "fontFamily": undefined,
                                    "fontSize": 15,
                                    "fontStyle": "normal",
                                    "fontWeight": "700",
                                    "letterSpacing": 0,
                                    "lineHeight": 22.5,
                                    "textAlign": "center",
                                    "textDecorationLine": undefined,
                                  }
                                }
                              >
                                localisation douleur
                              </Text>
                            </View>
                          </View>
                        </View>
                        <View
                          accessibilityRole="button"
                          accessible={true}
                          collapsable={false}
                          colorScheme="primary"
                          dataSet={Object {}}
                          focusable={true}
                          onBlur={[Function]}
                          onClick={[Function]}
                          onFocus={[Function]}
                          onHoverIn={[Function]}
                          onHoverOut={[Function]}
                          onResponderGrant={[Function]}
                          onResponderMove={[Function]}
                          onResponderRelease={[Function]}
                          onResponderTerminate={[Function]}
                          onResponderTerminationRequest={[Function]}
                          onStartShouldSetResponder={[Function]}
                          style={
                            Object {
                              "alignItems": "center",
                              "backgroundColor": "#22d3ee",
                              "borderRadius": 10,
                              "flex": 1,
                              "flexDirection": "row",
                              "height": 100,
                              "justifyContent": "center",
                              "marginBottom": 16,
                              "maxWidth": 100,
                              "minWidth": 100,
                              "paddingBottom": 10,
                              "paddingLeft": 12,
                              "paddingRight": 12,
                              "paddingTop": 10,
                            }
                          }
                        >
                          <View
                            dataSet={Object {}}
                            style={
                              Object {
                                "alignItems": "center",
                                "flexDirection": "row",
                              }
                            }
                            test={true}
                          >
                            <View
                              dataSet={Object {}}
                              style={Object {}}
                            >
                              <Text
                                dataSet={Object {}}
                                style={
                                  Object {
                                    "backgroundColor": undefined,
                                    "color": "#FFFFFF",
                                    "fontFamily": undefined,
                                    "fontSize": 15,
                                    "fontStyle": "normal",
                                    "fontWeight": "700",
                                    "letterSpacing": 0,
                                    "lineHeight": 22.5,
                                    "textAlign": "center",
                                    "textDecorationLine": undefined,
                                  }
                                }
                              >
                                douleur
                              </Text>
                            </View>
                          </View>
                        </View>
                      </View>
                      <View
                        dataSet={Object {}}
                        style={
                          Object {
                            "height": 24,
                          }
                        }
                      />
                      <View
                        accessibilityRole="button"
                        accessibilityState={
                          Object {
                            "disabled": true,
                          }
                        }
                        accessible={true}
                        collapsable={false}
                        colorScheme="primary"
                        dataSet={Object {}}
                        focusable={true}
                        onBlur={[Function]}
                        onClick={[Function]}
                        onFocus={[Function]}
                        onHoverIn={[Function]}
                        onHoverOut={[Function]}
                        onResponderGrant={[Function]}
                        onResponderMove={[Function]}
                        onResponderRelease={[Function]}
                        onResponderTerminate={[Function]}
                        onResponderTerminationRequest={[Function]}
                        onStartShouldSetResponder={[Function]}
                        style={
                          Object {
                            "alignItems": "center",
                            "backgroundColor": "#0891b2",
                            "borderRadius": 4,
                            "flexDirection": "row",
                            "justifyContent": "center",
                            "opacity": 0.4,
                            "paddingBottom": 12,
                            "paddingLeft": 12,
                            "paddingRight": 12,
                            "paddingTop": 12,
                          }
                        }
                      >
                        <View
                          dataSet={Object {}}
                          style={
                            Object {
                              "alignItems": "center",
                              "flexDirection": "row",
                            }
                          }
                          test={true}
                        >
                          <ActivityIndicator
                            accessibilityLabel="loading"
                            accessible={true}
                            color="#fafafa"
                            size="small"
                            style={
                              Array [
                                Array [
                                  Object {},
                                  Object {
                                    "dataSet": Object {},
                                    "focusable": false,
                                  },
                                  Object {},
                                ],
                                undefined,
                              ]
                            }
                          />
                        </View>
                      </View>
                    </View>
                  </View>
                </View>
              </View>
            </RCTScrollView>
          </View>
        </View>
      </RNSScreen>
    </RNSScreenStack>
  </View>
</RNCSafeAreaProvider>
`;
