// Jest Snapshot v1, https://goo.gl/fbAQLP

exports[`EditReportScreen Snapshot rendering 1`] = `
<RNCSafeAreaProvider
  onInsetsChange={[Function]}
  style={
    Array [
      Object {
        "flex": 1,
      },
      undefined,
    ]
  }
>
  <View
    dataSet={Object {}}
    style={
      Object {
        "alignItems": "center",
        "flex": 1,
        "paddingBottom": 20,
        "paddingTop": 20,
      }
    }
  >
    <View
      dataSet={Object {}}
      style={
        Array [
          Object {
            "alignItems": "center",
            "flex": 1,
            "width": "90%",
          },
          Object {
            "justifyContent": "center",
          },
        ]
      }
    >
      <View
        dataSet={Object {}}
        style={Object {}}
      >
        <Text
          dataSet={Object {}}
          style={
            Object {
              "backgroundColor": undefined,
              "color": "#000000",
              "fontFamily": undefined,
              "fontSize": null,
              "fontStyle": "normal",
              "fontWeight": "700",
              "letterSpacing": 0,
              "lineHeight": 30,
              "textAlign": "center",
              "textDecorationLine": undefined,
            }
          }
        >
          Rapport du 
          
samedi 08 janvier 2022
        </Text>
        <View
          dataSet={Object {}}
          style={
            Object {
              "height": 24,
            }
          }
        />
        <View
          dataSet={Object {}}
          style={
            Array [
              Object {
                "alignItems": "center",
                "display": "flex",
                "justifyContent": "center",
              },
              Object {
                "width": "100%",
              },
            ]
          }
        >
          <RCTScrollView
            contentContainerStyle={
              Array [
                Object {},
                Object {
                  "dataSet": Object {},
                },
              ]
            }
            data={
              Array [
                Object {
                  "field": "period",
                  "icon": Object {
                    "testUri": "../../../src/assets/icons/menstruationIcon.png",
                  },
                  "image": Object {
                    "testUri": "../../../src/assets/illustrations/Menstrual.png",
                  },
                  "inputIndicator": "Graduation",
                  "isCompleted": [Function],
                  "name": "Menstruations",
                  "symptoms": Array [
                    Object {
                      "display": [Function],
                      "input": Object {
                        "indicator": "Douleurs sur 10",
                        "title": "Douleurs de vos mentruations",
                      },
                      "reportKey": "pain",
                    },
                    Object {
                      "display": [Function],
                      "input": Object {
                        "indicator": "Flux sur 10",
                        "title": "Flux de sang",
                      },
                      "reportKey": "flow",
                    },
                  ],
                },
                Object {
                  "field": "fatigue",
                  "icon": Object {
                    "testUri": "../../../src/assets/icons/tiredIcon.png",
                  },
                  "image": Object {
                    "testUri": "../../../src/assets/illustrations/Tired.png",
                  },
                  "inputIndicator": "Cochez vos symptômes",
                  "isCompleted": [Function],
                  "name": "Fatigue",
                  "symptoms": Array [
                    Object {
                      "display": "Douleurs pelviennes",
                      "input": Object {
                        "title": "Douleurs pelviennes",
                      },
                      "reportKey": "pelvicPain",
                    },
                    Object {
                      "display": "Douleurs lombaires",
                      "input": Object {
                        "title": "Douleurs lombaires",
                      },
                      "reportKey": "lowerBackPain",
                    },
                    Object {
                      "display": "Fatigue générale",
                      "input": Object {
                        "title": "Fatigue générale",
                      },
                      "reportKey": "fatigue",
                    },
                  ],
                },
                Object {
                  "field": "medicines",
                  "icon": Object {
                    "testUri": "../../../src/assets/icons/medicIcon.png",
                  },
                  "image": Object {
                    "testUri": "../../../src/assets/illustrations/Medic.png",
                  },
                  "inputIndicator": "Médicaments pris aujourd'hui",
                  "isCompleted": [Function],
                  "name": "Médications",
                  "symptoms": Array [
                    Object {
                      "display": "Médicaments",
                      "input": Object {
                        "indicator": "Douleurs sur 10",
                        "title": "Nom du médicament",
                      },
                      "reportKey": "medicines",
                    },
                  ],
                },
                Object {
                  "field": "urinaryDisorders",
                  "icon": Object {
                    "testUri": "../../../src/assets/icons/stomacPainIcon.png",
                  },
                  "image": Object {
                    "testUri": "../../../src/assets/illustrations/Eyes.png",
                  },
                  "inputIndicator": "Cochez vos symptômes",
                  "isCompleted": [Function],
                  "name": "Troubles urinaires",
                  "symptoms": Array [
                    Object {
                      "display": [Function],
                      "input": Object {
                        "indicator": "Douleurs sur 10",
                        "title": "Douleurs de vos troubles urinaires",
                      },
                      "reportKey": "pain",
                    },
                    Object {
                      "display": "Brûlure",
                      "input": Object {
                        "title": "Brûlure",
                      },
                      "reportKey": "burn",
                    },
                    Object {
                      "display": "Envie fréquente d'uriner",
                      "input": Object {
                        "title": "Envie fréquente d'uriner",
                      },
                      "reportKey": "frequentUrges",
                    },
                    Object {
                      "display": "Difficultés pour vider la vessie",
                      "input": Object {
                        "title": "Difficultés pour vider la vessie",
                      },
                      "reportKey": "troubleEmptyingBladder",
                    },
                    Object {
                      "display": "Présence de sang",
                      "input": Object {
                        "title": "Présence de sang",
                      },
                      "reportKey": "presenceOfBlood",
                    },
                  ],
                },
                Object {
                  "field": "digestiveDisorders",
                  "icon": Object {
                    "testUri": "../../../src/assets/icons/digestiveIcon.png",
                  },
                  "image": Object {
                    "testUri": "../../../src/assets/illustrations/Stomachache.png",
                  },
                  "inputIndicator": "Cochez vos symptômes",
                  "isCompleted": [Function],
                  "name": "Troubles digestifs",
                  "symptoms": Array [
                    Object {
                      "display": [Function],
                      "input": Object {
                        "indicator": "Douleurs sur 10",
                        "title": "Douleurs digestives",
                      },
                      "reportKey": "pain",
                    },
                    Object {
                      "display": "Constipation",
                      "input": Object {
                        "title": "Constipation",
                      },
                      "reportKey": "constipation",
                    },
                    Object {
                      "display": "Diarhée",
                      "input": Object {
                        "title": "Diarhée",
                      },
                      "reportKey": "diarrhea",
                    },
                    Object {
                      "display": "Présence de sang",
                      "input": Object {
                        "title": "Présence de sang",
                      },
                      "reportKey": "presenceOfBlood",
                    },
                  ],
                },
                Object {
                  "field": "pain",
                  "icon": Object {
                    "testUri": "../../../src/assets/icons/sexIcon.png",
                  },
                  "image": Object {
                    "testUri": "../../../src/assets/illustrations/Love.png",
                  },
                  "inputIndicator": "Evaluez vos symptômes",
                  "isCompleted": [Function],
                  "name": "Relations sexuelles",
                  "symptoms": Array [
                    Object {
                      "display": "Douleurs pendant rapports sexuelles",
                      "input": Object {
                        "title": "Douleurs pendant rapports sexuelles",
                      },
                      "reportKey": "painDuringSex",
                    },
                  ],
                },
              ]
            }
            dataSet={Object {}}
            getItem={[Function]}
            getItemCount={[Function]}
            keyExtractor={[Function]}
            onContentSizeChange={[Function]}
            onLayout={[Function]}
            onMomentumScrollBegin={[Function]}
            onMomentumScrollEnd={[Function]}
            onScroll={[Function]}
            onScrollBeginDrag={[Function]}
            onScrollEndDrag={[Function]}
            removeClippedSubviews={false}
            renderItem={[Function]}
            scrollEventThrottle={50}
            stickyHeaderIndices={Array []}
            style={
              Array [
                Object {},
                Object {
                  "width": "100%",
                },
              ]
            }
            viewabilityConfigCallbackPairs={Array []}
          >
            <View>
              <View
                onLayout={[Function]}
                style={null}
              >
                <View
                  style={
                    Object {
                      "flexDirection": "row",
                    }
                  }
                >
                  <View
                    accessibilityRole="button"
                    accessible={true}
                    collapsable={false}
                    colorScheme="primary"
                    dataSet={Object {}}
                    focusable={true}
                    onBlur={[Function]}
                    onClick={[Function]}
                    onFocus={[Function]}
                    onHoverIn={[Function]}
                    onHoverOut={[Function]}
                    onResponderGrant={[Function]}
                    onResponderMove={[Function]}
                    onResponderRelease={[Function]}
                    onResponderTerminate={[Function]}
                    onResponderTerminationRequest={[Function]}
                    onStartShouldSetResponder={[Function]}
                    style={
                      Object {
                        "alignItems": "center",
                        "backgroundColor": "#0891b2",
                        "borderRadius": 10,
                        "flex": 1,
                        "flexDirection": "row",
                        "justifyContent": "center",
                        "marginBottom": 8,
                        "marginLeft": 8,
                        "marginRight": 8,
                        "marginTop": 8,
                        "paddingBottom": 10,
                        "paddingLeft": 12,
                        "paddingRight": 12,
                        "paddingTop": 10,
                      }
                    }
                  >
                    <View
                      dataSet={Object {}}
                      style={
                        Object {
                          "alignItems": "center",
                          "flexDirection": "row",
                        }
                      }
                      test={true}
                    >
                      <View
                        dataSet={Object {}}
                        style={Object {}}
                      >
                        <View
                          dataSet={Object {}}
                          style={
                            Object {
                              "alignItems": "center",
                            }
                          }
                        >
                          <Text
                            dataSet={Object {}}
                            style={
                              Object {
                                "backgroundColor": undefined,
                                "color": "#FFFFFF",
                                "fontFamily": undefined,
                                "fontSize": 15,
                                "fontStyle": "normal",
                                "fontWeight": "700",
                                "letterSpacing": 0,
                                "lineHeight": 22.5,
                                "textAlign": "center",
                                "textDecorationLine": undefined,
                              }
                            }
                          >
                            Menstruations
                          </Text>
                          <View
                            dataSet={Object {}}
                            style={
                              Object {
                                "height": 12,
                              }
                            }
                          />
                          <Image
                            accessibilityLabel="Menstruations"
                            alt="Menstruations"
                            dataSet={Object {}}
                            onError={[Function]}
                            source={
                              Object {
                                "testUri": "../../../src/assets/icons/menstruationIcon.png",
                              }
                            }
                            style={
                              Object {
                                "height": 48,
                                "maxWidth": "100%",
                                "width": 48,
                              }
                            }
                          />
                        </View>
                      </View>
                    </View>
                  </View>
                  <View
                    accessibilityRole="button"
                    accessible={true}
                    collapsable={false}
                    colorScheme="primary"
                    dataSet={Object {}}
                    focusable={true}
                    onBlur={[Function]}
                    onClick={[Function]}
                    onFocus={[Function]}
                    onHoverIn={[Function]}
                    onHoverOut={[Function]}
                    onResponderGrant={[Function]}
                    onResponderMove={[Function]}
                    onResponderRelease={[Function]}
                    onResponderTerminate={[Function]}
                    onResponderTerminationRequest={[Function]}
                    onStartShouldSetResponder={[Function]}
                    style={
                      Object {
                        "alignItems": "center",
                        "backgroundColor": "#0891b2",
                        "borderRadius": 10,
                        "flex": 1,
                        "flexDirection": "row",
                        "justifyContent": "center",
                        "marginBottom": 8,
                        "marginLeft": 8,
                        "marginRight": 8,
                        "marginTop": 8,
                        "paddingBottom": 10,
                        "paddingLeft": 12,
                        "paddingRight": 12,
                        "paddingTop": 10,
                      }
                    }
                  >
                    <View
                      dataSet={Object {}}
                      style={
                        Object {
                          "alignItems": "center",
                          "flexDirection": "row",
                        }
                      }
                      test={true}
                    >
                      <View
                        dataSet={Object {}}
                        style={Object {}}
                      >
                        <View
                          dataSet={Object {}}
                          style={
                            Object {
                              "alignItems": "center",
                            }
                          }
                        >
                          <Text
                            dataSet={Object {}}
                            style={
                              Object {
                                "backgroundColor": undefined,
                                "color": "#FFFFFF",
                                "fontFamily": undefined,
                                "fontSize": 15,
                                "fontStyle": "normal",
                                "fontWeight": "700",
                                "letterSpacing": 0,
                                "lineHeight": 22.5,
                                "textAlign": "center",
                                "textDecorationLine": undefined,
                              }
                            }
                          >
                            Fatigue
                          </Text>
                          <View
                            dataSet={Object {}}
                            style={
                              Object {
                                "height": 12,
                              }
                            }
                          />
                          <Image
                            accessibilityLabel="Fatigue"
                            alt="Fatigue"
                            dataSet={Object {}}
                            onError={[Function]}
                            source={
                              Object {
                                "testUri": "../../../src/assets/icons/tiredIcon.png",
                              }
                            }
                            style={
                              Object {
                                "height": 48,
                                "maxWidth": "100%",
                                "width": 48,
                              }
                            }
                          />
                        </View>
                      </View>
                    </View>
                  </View>
                  <View
                    accessibilityRole="button"
                    accessible={true}
                    collapsable={false}
                    colorScheme="primary"
                    dataSet={Object {}}
                    focusable={true}
                    onBlur={[Function]}
                    onClick={[Function]}
                    onFocus={[Function]}
                    onHoverIn={[Function]}
                    onHoverOut={[Function]}
                    onResponderGrant={[Function]}
                    onResponderMove={[Function]}
                    onResponderRelease={[Function]}
                    onResponderTerminate={[Function]}
                    onResponderTerminationRequest={[Function]}
                    onStartShouldSetResponder={[Function]}
                    style={
                      Object {
                        "alignItems": "center",
                        "backgroundColor": "#0891b2",
                        "borderRadius": 10,
                        "flex": 1,
                        "flexDirection": "row",
                        "justifyContent": "center",
                        "marginBottom": 8,
                        "marginLeft": 8,
                        "marginRight": 8,
                        "marginTop": 8,
                        "paddingBottom": 10,
                        "paddingLeft": 12,
                        "paddingRight": 12,
                        "paddingTop": 10,
                      }
                    }
                  >
                    <View
                      dataSet={Object {}}
                      style={
                        Object {
                          "alignItems": "center",
                          "flexDirection": "row",
                        }
                      }
                      test={true}
                    >
                      <View
                        dataSet={Object {}}
                        style={Object {}}
                      >
                        <View
                          dataSet={Object {}}
                          style={
                            Object {
                              "alignItems": "center",
                            }
                          }
                        >
                          <Text
                            dataSet={Object {}}
                            style={
                              Object {
                                "backgroundColor": undefined,
                                "color": "#FFFFFF",
                                "fontFamily": undefined,
                                "fontSize": 15,
                                "fontStyle": "normal",
                                "fontWeight": "700",
                                "letterSpacing": 0,
                                "lineHeight": 22.5,
                                "textAlign": "center",
                                "textDecorationLine": undefined,
                              }
                            }
                          >
                            Médications
                          </Text>
                          <View
                            dataSet={Object {}}
                            style={
                              Object {
                                "height": 12,
                              }
                            }
                          />
                          <Image
                            accessibilityLabel="Médications"
                            alt="Médications"
                            dataSet={Object {}}
                            onError={[Function]}
                            source={
                              Object {
                                "testUri": "../../../src/assets/icons/medicIcon.png",
                              }
                            }
                            style={
                              Object {
                                "height": 48,
                                "maxWidth": "100%",
                                "width": 48,
                              }
                            }
                          />
                        </View>
                      </View>
                    </View>
                  </View>
                </View>
              </View>
              <View
                onLayout={[Function]}
                style={null}
              >
                <View
                  style={
                    Object {
                      "flexDirection": "row",
                    }
                  }
                >
                  <View
                    accessibilityRole="button"
                    accessible={true}
                    collapsable={false}
                    colorScheme="primary"
                    dataSet={Object {}}
                    focusable={true}
                    onBlur={[Function]}
                    onClick={[Function]}
                    onFocus={[Function]}
                    onHoverIn={[Function]}
                    onHoverOut={[Function]}
                    onResponderGrant={[Function]}
                    onResponderMove={[Function]}
                    onResponderRelease={[Function]}
                    onResponderTerminate={[Function]}
                    onResponderTerminationRequest={[Function]}
                    onStartShouldSetResponder={[Function]}
                    style={
                      Object {
                        "alignItems": "center",
                        "backgroundColor": "#0891b2",
                        "borderRadius": 10,
                        "flex": 1,
                        "flexDirection": "row",
                        "justifyContent": "center",
                        "marginBottom": 8,
                        "marginLeft": 8,
                        "marginRight": 8,
                        "marginTop": 8,
                        "paddingBottom": 10,
                        "paddingLeft": 12,
                        "paddingRight": 12,
                        "paddingTop": 10,
                      }
                    }
                  >
                    <View
                      dataSet={Object {}}
                      style={
                        Object {
                          "alignItems": "center",
                          "flexDirection": "row",
                        }
                      }
                      test={true}
                    >
                      <View
                        dataSet={Object {}}
                        style={Object {}}
                      >
                        <View
                          dataSet={Object {}}
                          style={
                            Object {
                              "alignItems": "center",
                            }
                          }
                        >
                          <Text
                            dataSet={Object {}}
                            style={
                              Object {
                                "backgroundColor": undefined,
                                "color": "#FFFFFF",
                                "fontFamily": undefined,
                                "fontSize": 15,
                                "fontStyle": "normal",
                                "fontWeight": "700",
                                "letterSpacing": 0,
                                "lineHeight": 22.5,
                                "textAlign": "center",
                                "textDecorationLine": undefined,
                              }
                            }
                          >
                            Troubles urinaires
                          </Text>
                          <View
                            dataSet={Object {}}
                            style={
                              Object {
                                "height": 12,
                              }
                            }
                          />
                          <Image
                            accessibilityLabel="Troubles urinaires"
                            alt="Troubles urinaires"
                            dataSet={Object {}}
                            onError={[Function]}
                            source={
                              Object {
                                "testUri": "../../../src/assets/icons/stomacPainIcon.png",
                              }
                            }
                            style={
                              Object {
                                "height": 48,
                                "maxWidth": "100%",
                                "width": 48,
                              }
                            }
                          />
                        </View>
                      </View>
                    </View>
                  </View>
                  <View
                    accessibilityRole="button"
                    accessible={true}
                    collapsable={false}
                    colorScheme="primary"
                    dataSet={Object {}}
                    focusable={true}
                    onBlur={[Function]}
                    onClick={[Function]}
                    onFocus={[Function]}
                    onHoverIn={[Function]}
                    onHoverOut={[Function]}
                    onResponderGrant={[Function]}
                    onResponderMove={[Function]}
                    onResponderRelease={[Function]}
                    onResponderTerminate={[Function]}
                    onResponderTerminationRequest={[Function]}
                    onStartShouldSetResponder={[Function]}
                    style={
                      Object {
                        "alignItems": "center",
                        "backgroundColor": "#0891b2",
                        "borderRadius": 10,
                        "flex": 1,
                        "flexDirection": "row",
                        "justifyContent": "center",
                        "marginBottom": 8,
                        "marginLeft": 8,
                        "marginRight": 8,
                        "marginTop": 8,
                        "paddingBottom": 10,
                        "paddingLeft": 12,
                        "paddingRight": 12,
                        "paddingTop": 10,
                      }
                    }
                  >
                    <View
                      dataSet={Object {}}
                      style={
                        Object {
                          "alignItems": "center",
                          "flexDirection": "row",
                        }
                      }
                      test={true}
                    >
                      <View
                        dataSet={Object {}}
                        style={Object {}}
                      >
                        <View
                          dataSet={Object {}}
                          style={
                            Object {
                              "alignItems": "center",
                            }
                          }
                        >
                          <Text
                            dataSet={Object {}}
                            style={
                              Object {
                                "backgroundColor": undefined,
                                "color": "#FFFFFF",
                                "fontFamily": undefined,
                                "fontSize": 15,
                                "fontStyle": "normal",
                                "fontWeight": "700",
                                "letterSpacing": 0,
                                "lineHeight": 22.5,
                                "textAlign": "center",
                                "textDecorationLine": undefined,
                              }
                            }
                          >
                            Troubles digestifs
                          </Text>
                          <View
                            dataSet={Object {}}
                            style={
                              Object {
                                "height": 12,
                              }
                            }
                          />
                          <Image
                            accessibilityLabel="Troubles digestifs"
                            alt="Troubles digestifs"
                            dataSet={Object {}}
                            onError={[Function]}
                            source={
                              Object {
                                "testUri": "../../../src/assets/icons/digestiveIcon.png",
                              }
                            }
                            style={
                              Object {
                                "height": 48,
                                "maxWidth": "100%",
                                "width": 48,
                              }
                            }
                          />
                        </View>
                      </View>
                    </View>
                  </View>
                  <View
                    accessibilityRole="button"
                    accessible={true}
                    collapsable={false}
                    colorScheme="primary"
                    dataSet={Object {}}
                    focusable={true}
                    onBlur={[Function]}
                    onClick={[Function]}
                    onFocus={[Function]}
                    onHoverIn={[Function]}
                    onHoverOut={[Function]}
                    onResponderGrant={[Function]}
                    onResponderMove={[Function]}
                    onResponderRelease={[Function]}
                    onResponderTerminate={[Function]}
                    onResponderTerminationRequest={[Function]}
                    onStartShouldSetResponder={[Function]}
                    style={
                      Object {
                        "alignItems": "center",
                        "backgroundColor": "#0891b2",
                        "borderRadius": 10,
                        "flex": 1,
                        "flexDirection": "row",
                        "justifyContent": "center",
                        "marginBottom": 8,
                        "marginLeft": 8,
                        "marginRight": 8,
                        "marginTop": 8,
                        "paddingBottom": 10,
                        "paddingLeft": 12,
                        "paddingRight": 12,
                        "paddingTop": 10,
                      }
                    }
                  >
                    <View
                      dataSet={Object {}}
                      style={
                        Object {
                          "alignItems": "center",
                          "flexDirection": "row",
                        }
                      }
                      test={true}
                    >
                      <View
                        dataSet={Object {}}
                        style={Object {}}
                      >
                        <View
                          dataSet={Object {}}
                          style={
                            Object {
                              "alignItems": "center",
                            }
                          }
                        >
                          <Text
                            dataSet={Object {}}
                            style={
                              Object {
                                "backgroundColor": undefined,
                                "color": "#FFFFFF",
                                "fontFamily": undefined,
                                "fontSize": 15,
                                "fontStyle": "normal",
                                "fontWeight": "700",
                                "letterSpacing": 0,
                                "lineHeight": 22.5,
                                "textAlign": "center",
                                "textDecorationLine": undefined,
                              }
                            }
                          >
                            Relations sexuelles
                          </Text>
                          <View
                            dataSet={Object {}}
                            style={
                              Object {
                                "height": 12,
                              }
                            }
                          />
                          <Image
                            accessibilityLabel="Relations sexuelles"
                            alt="Relations sexuelles"
                            dataSet={Object {}}
                            onError={[Function]}
                            source={
                              Object {
                                "testUri": "../../../src/assets/icons/sexIcon.png",
                              }
                            }
                            style={
                              Object {
                                "height": 48,
                                "maxWidth": "100%",
                                "width": 48,
                              }
                            }
                          />
                        </View>
                      </View>
                    </View>
                  </View>
                </View>
              </View>
            </View>
          </RCTScrollView>
        </View>
        <View
          dataSet={Object {}}
          style={
            Object {
              "height": 24,
            }
          }
        />
        <View
          accessibilityRole="button"
          accessible={true}
          collapsable={false}
          colorScheme="primary"
          dataSet={Object {}}
          focusable={true}
          onBlur={[Function]}
          onClick={[Function]}
          onFocus={[Function]}
          onHoverIn={[Function]}
          onHoverOut={[Function]}
          onResponderGrant={[Function]}
          onResponderMove={[Function]}
          onResponderRelease={[Function]}
          onResponderTerminate={[Function]}
          onResponderTerminationRequest={[Function]}
          onStartShouldSetResponder={[Function]}
          style={
            Object {
              "alignItems": "center",
              "backgroundColor": "#0891b2",
              "borderRadius": 4,
              "flexDirection": "row",
              "justifyContent": "center",
              "paddingBottom": 12,
              "paddingLeft": 12,
              "paddingRight": 12,
              "paddingTop": 12,
            }
          }
        >
          <View
            dataSet={Object {}}
            style={
              Object {
                "alignItems": "center",
                "flexDirection": "row",
              }
            }
            test={true}
          >
            <View
              dataSet={Object {}}
              style={Object {}}
            >
              <Text
                dataSet={Object {}}
                style={
                  Object {
                    "backgroundColor": undefined,
                    "color": "#fafafa",
                    "fontFamily": undefined,
                    "fontSize": 16,
                    "fontStyle": "normal",
                    "fontWeight": "400",
                    "letterSpacing": 0,
                    "lineHeight": 24,
                    "textDecorationLine": undefined,
                  }
                }
              >
                Confirmer le rapport
              </Text>
            </View>
          </View>
        </View>
      </View>
    </View>
  </View>
</RNCSafeAreaProvider>
`;
